[2026-05-21 11:07:14] This is codeql database create D:\BaiduNetdiskDownload\CCAM\CCAMP\pilot\codeql_db --language=python --source-root=. --build-mode=none --no-run-unnecessary-builds --overwrite
[2026-05-21 11:07:14] Log file was started late.
[2026-05-21 11:07:14] [PROGRESS] database create> Initializing database at D:\BaiduNetdiskDownload\CCAM\CCAMP\pilot\codeql_db.
[2026-05-21 11:07:14] Running plumbing command: codeql database init --overwrite --language=python --extractor-options-verbosity=1 --qlconfig-file=D:\BaiduNetdiskDownload\CCAM\CCAMP\pilot\qlconfig.yml --build-mode=none --source-root=D:\BaiduNetdiskDownload\CCAM\CCAMP\pilot --allow-missing-source-root=false --allow-already-existing -- D:\BaiduNetdiskDownload\CCAM\CCAMP\pilot\codeql_db
[2026-05-21 11:07:14] Calling plumbing command: codeql resolve languages --extractor-options-verbosity=1 --format=betterjson
[2026-05-21 11:07:14] [DETAILS] resolve languages> Scanning for [codeql-extractor.yml] from D:\BaiduNetdiskDownload\codeql\.codeqlmanifest.json
[2026-05-21 11:07:14] [DETAILS] resolve languages> Parsing D:\BaiduNetdiskDownload\codeql\actions\codeql-extractor.yml.
[2026-05-21 11:07:14] [DETAILS] resolve languages> Parsing D:\BaiduNetdiskDownload\codeql\cpp\codeql-extractor.yml.
[2026-05-21 11:07:14] [DETAILS] resolve languages> Parsing D:\BaiduNetdiskDownload\codeql\csharp\codeql-extractor.yml.
[2026-05-21 11:07:14] [DETAILS] resolve languages> Parsing D:\BaiduNetdiskDownload\codeql\csv\codeql-extractor.yml.
[2026-05-21 11:07:14] [DETAILS] resolve languages> Parsing D:\BaiduNetdiskDownload\codeql\go\codeql-extractor.yml.
[2026-05-21 11:07:14] [DETAILS] resolve languages> Parsing D:\BaiduNetdiskDownload\codeql\html\codeql-extractor.yml.
[2026-05-21 11:07:14] [DETAILS] resolve languages> Parsing D:\BaiduNetdiskDownload\codeql\java\codeql-extractor.yml.
[2026-05-21 11:07:14] [DETAILS] resolve languages> Parsing D:\BaiduNetdiskDownload\codeql\javascript\codeql-extractor.yml.
[2026-05-21 11:07:14] [DETAILS] resolve languages> Parsing D:\BaiduNetdiskDownload\codeql\properties\codeql-extractor.yml.
[2026-05-21 11:07:14] [DETAILS] resolve languages> Parsing D:\BaiduNetdiskDownload\codeql\python\codeql-extractor.yml.
[2026-05-21 11:07:14] [DETAILS] resolve languages> Parsing D:\BaiduNetdiskDownload\codeql\ruby\codeql-extractor.yml.
[2026-05-21 11:07:14] [DETAILS] resolve languages> Parsing D:\BaiduNetdiskDownload\codeql\rust\codeql-extractor.yml.
[2026-05-21 11:07:14] [DETAILS] resolve languages> Parsing D:\BaiduNetdiskDownload\codeql\swift\codeql-extractor.yml.
[2026-05-21 11:07:14] [DETAILS] resolve languages> Parsing D:\BaiduNetdiskDownload\codeql\xml\codeql-extractor.yml.
[2026-05-21 11:07:14] [DETAILS] resolve languages> Parsing D:\BaiduNetdiskDownload\codeql\yaml\codeql-extractor.yml.
[2026-05-21 11:07:14] Plumbing command codeql resolve languages completed:
                      {
                        "aliases" : {
                          "c" : "cpp",
                          "c++" : "cpp",
                          "c-c++" : "cpp",
                          "c-cpp" : "cpp",
                          "c#" : "csharp",
                          "java-kotlin" : "java",
                          "kotlin" : "java",
                          "javascript-typescript" : "javascript",
                          "typescript" : "javascript"
                        },
                        "extractors" : {
                          "actions" : [
                            {
                              "extractor_root" : "D:\\BaiduNetdiskDownload\\codeql\\actions",
                              "extractor_options" : { }
                            }
                          ],
                          "cpp" : [
                            {
                              "extractor_root" : "D:\\BaiduNetdiskDownload\\codeql\\cpp",
                              "extractor_options" : {
                                "scale_timeouts" : {
                                  "title" : "Value to scale compiler introspection timeouts with",
                                  "description" : "The extractor attempts to determine what compiler the source code being extracted is compiled with. To this end the extractor makes additional calls to the compiler, some of which are expected to return within a certain fixed time (either 10s or 15s). On some systems that are under high load this time might be too short, and can be scaled up using this option.\n",
                                  "type" : "string",
                                  "pattern" : "[0-9]+"
                                },
                                "log_verbosity" : {
                                  "title" : "Verbosity of the extractor logging",
                                  "description" : "Set the verbosity of the extractor logging to 'quiet' (0), 'normal' (1), 'chatty' (2), or 'noisy' (3). The default is 'normal'.\n",
                                  "type" : "string",
                                  "pattern" : "[0-3]"
                                }
                              }
                            }
                          ],
                          "csharp" : [
                            {
                              "extractor_root" : "D:\\BaiduNetdiskDownload\\codeql\\csharp",
                              "extractor_options" : {
                                "trap" : {
                                  "title" : "Options pertaining to TRAP.",
                                  "description" : "Options pertaining to TRAP.",
                                  "type" : "object",
                                  "properties" : {
                                    "compression" : {
                                      "title" : "Controls compression for the TRAP files written by the extractor.",
                                      "description" : "This option is only intended for use in debugging the extractor. Accepted values are 'brotli' (the default, to write brotli-compressed TRAP), 'gzip', and 'none' (to write uncompressed TRAP).\n",
                                      "type" : "string",
                                      "pattern" : "^(none|gzip|brotli)$"
                                    }
                                  }
                                },
                                "buildless" : {
                                  "title" : "DEPRECATED - Whether to use buildless (standalone) extraction.",
                                  "description" : "DEPRECATED: Use `--build-mode none` instead.\nA value indicating, which type of extraction the autobuilder should perform. If 'true', then the standalone extractor will be used, otherwise tracing extraction will be performed. The default is 'false'. Note that buildless extraction will generally yield less accurate analysis results, and should only be used in cases where it is not possible to build the code (for example if it uses inaccessible dependencies).\n",
                                  "type" : "string",
                                  "pattern" : "^(false|true)$"
                                },
                                "logging" : {
                                  "title" : "Options pertaining to logging.",
                                  "description" : "Options pertaining to logging.",
                                  "type" : "object",
                                  "properties" : {
                                    "verbosity" : {
                                      "title" : "Extractor logging verbosity level.",
                                      "description" : "Controls the level of verbosity of the extractor. The supported levels are (in order of increasing verbosity):\n  - off\n  - errors\n  - warnings\n  - info or progress\n  - debug or progress+\n  - trace or progress++\n  - progress+++\n",
                                      "type" : "string",
                                      "pattern" : "^(off|errors|warnings|(info|progress)|(debug|progress\\+)|(trace|progress\\+\\+)|progress\\+\\+\\+)$"
                                    }
                                  }
                                },
                                "binlog" : {
                                  "title" : "Binlog",
                                  "description" : "[EXPERIMENTAL] The value is a path to the MsBuild binary log file that should be extracted. This option only works when `--build-mode none` is also specified.\n",
                                  "type" : "array"
                                },
                                "buildless_dependency_dir" : {
                                  "title" : "The path where buildless (standalone) extraction should keep dependencies.",
                                  "description" : "If set, the buildless (standalone) extractor will store dependencies in this directory.\n",
                                  "type" : "string"
                                }
                              }
                            }
                          ],
                          "csv" : [
                            {
                              "extractor_root" : "D:\\BaiduNetdiskDownload\\codeql\\csv"
                            }
                          ],
                          "go" : [
                            {
                              "extractor_root" : "D:\\BaiduNetdiskDownload\\codeql\\go",
                              "extractor_options" : {
                                "extract_tests" : {
                                  "title" : "Whether to include Go test files in the CodeQL database.",
                                  "description" : "A value indicating whether Go test files should be included in the CodeQL database. The default is 'false'.\n",
                                  "type" : "string",
                                  "pattern" : "^(false|true)$"
                                },
                                "extract_vendor_dirs" : {
                                  "title" : "Whether to include Go vendor directories in the CodeQL database.",
                                  "description" : "A value indicating whether Go vendor directories should be included in the CodeQL database. The default is 'false'.\n",
                                  "type" : "string",
                                  "pattern" : "^(false|true)$"
                                }
                              }
                            }
                          ],
                          "html" : [
                            {
                              "extractor_root" : "D:\\BaiduNetdiskDownload\\codeql\\html"
                            }
                          ],
                          "java" : [
                            {
                              "extractor_root" : "D:\\BaiduNetdiskDownload\\codeql\\java",
                              "extractor_options" : {
                                "exclude" : {
                                  "title" : "A glob excluding files from analysis.",
                                  "description" : "A glob indicating what files to exclude from the analysis. This accepts glob patterns that are supported by Java's 'getPathMatcher' implementation.\n",
                                  "type" : "string"
                                },
                                "add_prefer_source" : {
                                  "title" : "Whether to always prefer source files over class files.",
                                  "description" : "A value indicating whether source files should be preferred over class files. If set to 'true', the extraction adds '-Xprefer:source' to the javac command line. If set to 'false', the extraction uses the default javac behavior ('-Xprefer:newer'). The default is 'true'.\n",
                                  "type" : "string",
                                  "pattern" : "^(false|true)$"
                                },
                                "buildless" : {
                                  "title" : "Whether to use buildless (standalone) extraction (experimental).",
                                  "description" : "A value indicating, which type of extraction the autobuilder should perform. If 'true', then the standalone extractor will be used, otherwise tracing extraction will be performed. The default is 'false'. Note that buildless extraction will generally yield less accurate analysis results, and should only be used in cases where it is not possible to build the code (for example if it uses inaccessible dependencies).\n",
                                  "type" : "string",
                                  "pattern" : "^(false|true)$"
                                },
                                "buildless_dependency_dir" : {
                                  "title" : "The path where buildless (standalone) extraction should keep dependencies.",
                                  "description" : "If set, the buildless (standalone) extractor will store dependencies in this directory.\n",
                                  "type" : "string"
                                },
                                "minimize_dependency_jars" : {
                                  "title" : "Whether to rewrite and minimize downloaded JAR dependencies (experimental).",
                                  "description" : "If 'true', JAR dependencies downloaded during extraction will be rewritten to remove unneeded data, such as method bodies. The default is 'false'.\n",
                                  "type" : "string",
                                  "pattern" : "^(false|true)$"
                                }
                              }
                            }
                          ],
                          "javascript" : [
                            {
                              "extractor_root" : "D:\\BaiduNetdiskDownload\\codeql\\javascript",
                              "extractor_options" : {
                                "skip_types" : {
                                  "title" : "Skip type extraction for TypeScript",
                                  "description" : "Whether to skip the extraction of types in a TypeScript application",
                                  "type" : "string",
                                  "pattern" : "^(false|true)$"
                                }
                              }
                            }
                          ],
                          "properties" : [
                            {
                              "extractor_root" : "D:\\BaiduNetdiskDownload\\codeql\\properties"
                            }
                          ],
                          "python" : [
                            {
                              "extractor_root" : "D:\\BaiduNetdiskDownload\\codeql\\python",
                              "extractor_options" : {
                                "logging" : {
                                  "title" : "Options pertaining to logging.",
                                  "description" : "Options pertaining to logging.",
                                  "type" : "object",
                                  "properties" : {
                                    "verbosity" : {
                                      "title" : "Python extractor logging verbosity level.",
                                      "description" : "Controls the level of verbosity of the CodeQL Python extractor.\nThe supported levels are (in order of increasing verbosity):\n\n  - off\n  - errors\n  - warnings\n  - info or progress\n  - debug or progress+\n  - trace or progress++\n  - progress+++\n",
                                      "type" : "string",
                                      "pattern" : "^(off|errors|warnings|(info|progress)|(debug|progress\\+)|(trace|progress\\+\\+)|progress\\+\\+\\+)$"
                                    }
                                  }
                                },
                                "python_executable_name" : {
                                  "title" : "Controls the name of the Python executable used by the Python extractor.",
                                  "description" : "The Python extractor uses platform-dependent heuristics to determine the name of the Python executable to use. Specifying a value for this option overrides the name of the Python executable used by the extractor. Accepted values are py, python and python3. Use this setting with caution, the Python extractor requires Python 3 to run.\n",
                                  "type" : "string",
                                  "pattern" : "^(py|python|python3)$"
                                }
                              }
                            }
                          ],
                          "ruby" : [
                            {
                              "extractor_root" : "D:\\BaiduNetdiskDownload\\codeql\\ruby",
                              "extractor_options" : {
                                "trap" : {
                                  "title" : "Options pertaining to TRAP.",
                                  "description" : "Options pertaining to TRAP.",
                                  "type" : "object",
                                  "properties" : {
                                    "compression" : {
                                      "title" : "Controls compression for the TRAP files written by the extractor.",
                                      "description" : "This option is only intended for use in debugging the extractor. Accepted values are 'gzip' (the default, to write gzip-compressed TRAP) 'zstd' (to write Zstandard-compressed TRAP) and 'none' (to write uncompressed TRAP).\n",
                                      "type" : "string",
                                      "pattern" : "^(none|gzip|zstd)$"
                                    }
                                  }
                                }
                              }
                            }
                          ],
                          "rust" : [
                            {
                              "extractor_root" : "D:\\BaiduNetdiskDownload\\codeql\\rust",
                              "extractor_options" : {
                                "trap" : {
                                  "title" : "Options pertaining to TRAP.",
                                  "description" : "Options pertaining to TRAP.",
                                  "type" : "object",
                                  "properties" : {
                                    "compression" : {
                                      "title" : "Controls compression for the TRAP files written by the extractor.",
                                      "description" : "This option is only intended for use in debugging the extractor. Accepted values are 'gzip' (to write gzip-compressed TRAP) 'zstd' (to write Zstandard-compressed TRAP) and 'none' (the default, to write uncompressed TRAP).\n",
                                      "type" : "string",
                                      "pattern" : "^(none|gzip|zstd)$"
                                    }
                                  }
                                },
                                "cargo_target_dir" : {
                                  "title" : "Directory to use for cargo output files.",
                                  "description" : "This value is an optional path to use as `CARGO_TARGET_DIR` for the internal cargo commands the extractor uses. Pointing it to a persistent directory may reduce execution time of consecutive extractor runs. By default, a new scratch directory is used for each run.\n",
                                  "type" : "string"
                                },
                                "cargo_target" : {
                                  "title" : "Target architecture",
                                  "description" : "Target architecture to use for analysis, analogous to `cargo --target`. By default the host architecture is used.\n",
                                  "type" : "string"
                                },
                                "cargo_features" : {
                                  "title" : "Cargo features to turn on",
                                  "description" : "Comma-separated list of features to turn on. By default all features are enabled. If any features are specified, then only those features are enabled. The `default` feature must be explicitly specified if only default features are desired. Can be repeated.\n",
                                  "type" : "array"
                                },
                                "cargo_cfg_overrides" : {
                                  "title" : "Cargo cfg overrides",
                                  "description" : "Comma-separated list of cfg settings to enable, or disable if prefixed with `-`. Can be repeated.\n",
                                  "type" : "array"
                                },
                                "logging" : {
                                  "title" : "Options pertaining to logging.",
                                  "description" : "Options pertaining to logging.",
                                  "type" : "object",
                                  "properties" : {
                                    "verbosity" : {
                                      "title" : "Extractor logging verbosity level.",
                                      "description" : "Controls the level of verbosity of the extractor. The supported levels are (in order of increasing verbosity):\n  - off\n  - errors\n  - warnings\n  - info or progress\n  - debug or progress+\n  - trace or progress++\n  - progress+++\n",
                                      "type" : "string",
                                      "pattern" : "^(off|errors|warnings|(info|progress)|(debug|progress\\+)|(trace|progress\\+\\+)|progress\\+\\+\\+)$"
                                    },
                                    "flamegraph" : {
                                      "title" : "[Experimental] File path for write flame graph log",
                                      "description" : "Collect flame graph data using the `tracing-flame` crate. To render a flame graph or chart, run the `inferno-flamegraph` command. See also: https://crates.io/crates/tracing-flame\n",
                                      "type" : "string"
                                    }
                                  }
                                },
                                "extract_dependencies_as_source" : {
                                  "title" : "Extract dependencies as source code",
                                  "description" : "Extract the full source code of dependencies instead of only extracting signatures.\n",
                                  "type" : "string",
                                  "pattern" : "^(false|true)$"
                                }
                              }
                            }
                          ],
                          "swift" : [
                            {
                              "extractor_root" : "D:\\BaiduNetdiskDownload\\codeql\\swift"
                            }
                          ],
                          "xml" : [
                            {
                              "extractor_root" : "D:\\BaiduNetdiskDownload\\codeql\\xml"
                            }
                          ],
                          "yaml" : [
                            {
                              "extractor_root" : "D:\\BaiduNetdiskDownload\\codeql\\yaml"
                            }
                          ]
                        }
                      }
[2026-05-21 11:07:14] [PROGRESS] database init> Calculating baseline information in D:\BaiduNetdiskDownload\CCAM\CCAMP\pilot
[2026-05-21 11:07:14] [SPAMMY] database init> Ignoring the following directories when processing baseline information: .git, .hg, .svn.
[2026-05-21 11:07:14] [DETAILS] database init> Running command in D:\BaiduNetdiskDownload\CCAM\CCAMP\pilot: D:\BaiduNetdiskDownload\codeql\tools\win64\scc.exe --by-file --exclude-dir .git,.hg,.svn --format json --no-large --no-min .
[2026-05-21 11:07:14] Using configure-baseline script D:\BaiduNetdiskDownload\codeql\javascript\tools\configure-baseline.cmd.
[2026-05-21 11:07:14] [PROGRESS] database init> Running command in D:\BaiduNetdiskDownload\CCAM\CCAMP\pilot: [D:\BaiduNetdiskDownload\codeql\javascript\tools\configure-baseline.cmd]
[2026-05-21 11:07:14] Using configure-baseline script D:\BaiduNetdiskDownload\codeql\actions\tools\configure-baseline.cmd.
[2026-05-21 11:07:14] [PROGRESS] database init> Running command in D:\BaiduNetdiskDownload\CCAM\CCAMP\pilot: [D:\BaiduNetdiskDownload\codeql\actions\tools\configure-baseline.cmd]
[2026-05-21 11:07:14] [SPAMMY] database init> Ignored an additional 1 files when processing baseline information for YAML due to paths and paths-ignore configuration.
[2026-05-21 11:07:14] [SPAMMY] database init> Found 37 baseline files for python.
[2026-05-21 11:07:14] [SPAMMY] database init> Found 9 baseline files for javascript.
[2026-05-21 11:07:14] [SPAMMY] database init> Found 0 baseline files for actions.
[2026-05-21 11:07:14] [PROGRESS] database init> Calculated baseline information for languages: actions, javascript, python (261ms).
[2026-05-21 11:07:14] [PROGRESS] database init> Resolving extractor python.
[2026-05-21 11:07:14] [DETAILS] database init> Found candidate extractor root for python: D:\BaiduNetdiskDownload\codeql\python.
[2026-05-21 11:07:14] [PROGRESS] database init> Successfully loaded extractor Python (python) from D:\BaiduNetdiskDownload\codeql\python.
[2026-05-21 11:07:14] [PROGRESS] database init> Created skeleton CodeQL database at D:\BaiduNetdiskDownload\CCAM\CCAMP\pilot\codeql_db. This in-progress database is ready to be populated by an extractor.
[2026-05-21 11:07:14] Plumbing command codeql database init completed.
[2026-05-21 11:07:14] [PROGRESS] database create> Running build command: []
[2026-05-21 11:07:14] Running plumbing command: codeql database trace-command --no-run-unnecessary-builds --working-dir=D:\BaiduNetdiskDownload\CCAM\CCAMP\pilot --index-traceless-dbs --no-db-cluster -- D:\BaiduNetdiskDownload\CCAM\CCAMP\pilot\codeql_db
[2026-05-21 11:07:14] Using autobuild script D:\BaiduNetdiskDownload\codeql\python\tools\autobuild.cmd.
[2026-05-21 11:07:14] [PROGRESS] database trace-command> Running command in D:\BaiduNetdiskDownload\CCAM\CCAMP\pilot: [D:\BaiduNetdiskDownload\codeql\python\tools\autobuild.cmd]
[2026-05-21 11:07:15] [build-stdout] Python 3.11.8
[2026-05-21 11:07:15] [build-stdout] No directories containing root identifiers were found. Returning working directory as root.
[2026-05-21 11:07:15] [build-stdout] Will try to guess Python version, as it was not specified in `lgtm.yml`
[2026-05-21 11:07:15] [build-stdout] Trying to guess Python version based on Trove classifiers in setup.py
[2026-05-21 11:07:15] [build-stdout] Did not find setup.py (expected it to be at D:\BaiduNetdiskDownload\CCAM\CCAMP\pilot\setup.py)
[2026-05-21 11:07:15] [build-stdout] Trying to guess Python version based on travis file
[2026-05-21 11:07:15] [build-stdout] Did not find any travis files (expected them at either ['D:\\BaiduNetdiskDownload\\CCAM\\CCAMP\\pilot\\.travis.yml', 'D:\\BaiduNetdiskDownload\\CCAM\\CCAMP\\pilot\\travis.yml'])
[2026-05-21 11:07:15] [build-stdout] Trying to guess Python version based on installed versions
[2026-05-21 11:07:15] [build-stderr] No suitable Python runtime found
[2026-05-21 11:07:15] [build-stderr] Pass --list (-0) to see all detected environments on your machine
[2026-05-21 11:07:15] [build-stderr] or set environment variable PYLAUNCHER_ALLOW_INSTALL to use winget
[2026-05-21 11:07:15] [build-stderr] or open the Microsoft Store to the requested version.
[2026-05-21 11:07:15] [build-stdout] Wanted to run Python 2, but it is not available. Using Python 3 instead
[2026-05-21 11:07:15] [build-stdout] This script is running Python 3, but Python 2 is also available (as 'py -3')
[2026-05-21 11:07:15] [build-stdout] Could not guess Python version, will use default: Python 3
[2026-05-21 11:07:15] [build-stdout] Calling py -3 -S D:\BaiduNetdiskDownload\codeql\python\tools\python_tracer.py --verbosity 3 -z all -c D:\BaiduNetdiskDownload\CCAM\CCAMP\pilot\codeql_db\working\trap_cache -R D:\BaiduNetdiskDownload\CCAM\CCAMP\pilot
[2026-05-21 11:07:16] [build-stdout] Python 3.11.8
[2026-05-21 11:07:16] [build-stdout] INFO: The Python extractor has recently stopped extracting the standard library by default. If you encounter problems, please let us know by submitting an issue to https://github.com/github/codeql. It is possible to re-enable extraction of the standard library by setting the environment variable CODEQL_EXTRACTOR_PYTHON_EXTRACT_STDLIB.
[2026-05-21 11:07:16] [build-stdout] [INFO] Extraction will use the Python 3 standard library.
[2026-05-21 11:07:16] [build-stdout] [INFO] sys_path is: ['D:\\BaiduNetdiskDownload\\codeql\\python\\tools', 'D:\\BaiduNetdiskDownload\\CCAM\\CCAMP', 'D:\\pychar\\PyCharm 2025.1\\plugins\\python-ce\\helpers\\pycharm_plotly_backend', 'D:\\pychar\\PyCharm 2025.1\\plugins\\python-ce\\helpers\\pycharm_matplotlib_backend', 'D:\\pychar\\PyCharm 2025.1\\plugins\\python-ce\\helpers\\pycharm_display', 'C:\\Users\\korozet1\\AppData\\Local\\Programs\\Python\\Python311\\python311.zip', 'C:\\Users\\korozet1\\AppData\\Local\\Programs\\Python\\Python311\\DLLs', 'C:\\Users\\korozet1\\AppData\\Local\\Programs\\Python\\Python311\\Lib', 'C:\\Users\\korozet1\\AppData\\Local\\Programs\\Python\\Python311']
[2026-05-21 11:07:16] [build-stdout] [INFO] Python version 3.11.8
[2026-05-21 11:07:16] [build-stdout] [INFO] Python extractor version 7.1.8
[2026-05-21 11:07:17] [build-stdout] [INFO] [1] Extracted folder D:\BaiduNetdiskDownload\CCAM\CCAMP\pilot\pilot-client\pages\serialize\assist in 4ms
[2026-05-21 11:07:17] [build-stdout] [INFO] [1] Extracted folder D:\BaiduNetdiskDownload\CCAM\CCAMP\pilot\pilot-client\pages\serialize in 2ms
[2026-05-21 11:07:17] [build-stdout] [INFO] [2] Extracted file D:\BaiduNetdiskDownload\CCAM\CCAMP\pilot\pilot-client\pages\serialize\assist\l1-pickle.py in 34ms
[2026-05-21 11:07:17] [build-stdout] [INFO] [1] Extracted file D:\BaiduNetdiskDownload\CCAM\CCAMP\pilot\pilot-client\pages\sqli\assist\l1-sqli.py in 49ms
[2026-05-21 11:07:17] [build-stdout] [INFO] [3] Extracted folder D:\BaiduNetdiskDownload\CCAM\CCAMP\pilot\pilot-client\pages\sqli\assist in 3ms
[2026-05-21 11:07:17] [build-stdout] [INFO] [2] Extracted file D:\BaiduNetdiskDownload\CCAM\CCAMP\pilot\pilot-client\pages\sqli\assist\l2-sqli.py in 46ms
[2026-05-21 11:07:17] [build-stdout] [INFO] [2] Extracted folder D:\BaiduNetdiskDownload\CCAM\CCAMP\pilot\pilot-client in 0ms
[2026-05-21 11:07:17] [build-stdout] [INFO] [3] Extracted folder D:\BaiduNetdiskDownload\CCAM\CCAMP\pilot\pilot-client\pages\sqli in 2ms
[2026-05-21 11:07:17] [build-stdout] [INFO] [5] Extracted folder D:\BaiduNetdiskDownload\CCAM\CCAMP\pilot\pilot-client\pages in 3ms
[2026-05-21 11:07:17] [build-stdout] [INFO] [1] Extracted file D:\BaiduNetdiskDownload\CCAM\CCAMP\pilot\pilot-client\pages\sqli\assist\l3-sqli.py in 45ms
[2026-05-21 11:07:17] [build-stdout] [INFO] [1] Extracted folder D:\BaiduNetdiskDownload\CCAM\CCAMP\pilot\pilot-server\authority in 3ms
[2026-05-21 11:07:17] [build-stdout] [INFO] [9] Extracted folder D:\BaiduNetdiskDownload\CCAM\CCAMP\pilot\pilot-server\bruteforce in 5ms
[2026-05-21 11:07:17] [build-stdout] [INFO] [9] Extracted folder D:\BaiduNetdiskDownload\CCAM\CCAMP\pilot\pilot-server\csrf in 3ms
[2026-05-21 11:07:17] [build-stdout] [INFO] [11] Extracted folder D:\BaiduNetdiskDownload\CCAM\CCAMP\pilot\pilot-server\download in 3ms
[2026-05-21 11:07:17] [build-stdout] [INFO] [12] Extracted file D:\BaiduNetdiskDownload\CCAM\CCAMP\pilot\pilot-server\download\HelloWorld.py in 39ms
[2026-05-21 11:07:17] [build-stdout] [INFO] [7] Extracted file D:\BaiduNetdiskDownload\CCAM\CCAMP\pilot\pilot-server\bruteforce\bf_password.py in 84ms
[2026-05-21 11:07:17] [build-stdout] [INFO] [15] Extracted folder D:\BaiduNetdiskDownload\CCAM\CCAMP\pilot\pilot-server\infoleak in 3ms
[2026-05-21 11:07:17] [build-stdout] [INFO] [15] Extracted folder D:\BaiduNetdiskDownload\CCAM\CCAMP\pilot\pilot-server\rce in 2ms
[2026-05-21 11:07:17] [build-stdout] [INFO] [17] Extracted folder D:\BaiduNetdiskDownload\CCAM\CCAMP\pilot\pilot-server\serialize in 3ms
[2026-05-21 11:07:17] [build-stdout] [INFO] [6] Extracted file D:\BaiduNetdiskDownload\CCAM\CCAMP\pilot\pilot-server\bruteforce\bf_username.py in 81ms
[2026-05-21 11:07:17] [build-stdout] [INFO] [9] Extracted file D:\BaiduNetdiskDownload\CCAM\CCAMP\pilot\pilot-server\download\file_download.py in 74ms
[2026-05-21 11:07:17] [build-stdout] [INFO] [5] Extracted file D:\BaiduNetdiskDownload\CCAM\CCAMP\pilot\pilot-server\authority\unauthorized.py in 149ms
[2026-05-21 11:07:17] [build-stdout] [INFO] [18] Extracted folder D:\BaiduNetdiskDownload\CCAM\CCAMP\pilot\pilot-server\sqli in 3ms
[2026-05-21 11:07:17] [build-stdout] [INFO] [18] Extracted folder D:\BaiduNetdiskDownload\CCAM\CCAMP\pilot\pilot-server\ssrf in 2ms
[2026-05-21 11:07:17] [build-stdout] [INFO] [1] Extracted file D:\BaiduNetdiskDownload\CCAM\CCAMP\pilot\pilot-server\bruteforce\bf_token.py in 127ms
[2026-05-21 11:07:17] [build-stdout] [INFO] [19] Extracted folder D:\BaiduNetdiskDownload\CCAM\CCAMP\pilot\pilot-server\ssti in 3ms
[2026-05-21 11:07:17] [build-stdout] [INFO] [19] Extracted folder D:\BaiduNetdiskDownload\CCAM\CCAMP\pilot\pilot-server\upload in 3ms
[2026-05-21 11:07:17] [build-stdout] [INFO] [19] Extracted folder D:\BaiduNetdiskDownload\CCAM\CCAMP\pilot\pilot-server\urlredirect in 3ms
[2026-05-21 11:07:17] [build-stdout] [INFO] [3] Extracted file D:\BaiduNetdiskDownload\CCAM\CCAMP\pilot\pilot-server\authority\horizontal.py in 183ms
[2026-05-21 11:07:17] [build-stdout] [INFO] [13] Extracted file D:\BaiduNetdiskDownload\CCAM\CCAMP\pilot\pilot-server\infoleak\private_info.py in 71ms
[2026-05-21 11:07:17] [build-stdout] [INFO] [3] Extracted folder D:\BaiduNetdiskDownload\CCAM\CCAMP\pilot\pilot-server\vcdefect in 2ms
[2026-05-21 11:07:17] [build-stdout] [INFO] [10] Extracted file D:\BaiduNetdiskDownload\CCAM\CCAMP\pilot\pilot-server\db.py in 114ms
[2026-05-21 11:07:17] [build-stdout] [INFO] [11] Extracted file D:\BaiduNetdiskDownload\CCAM\CCAMP\pilot\pilot-server\infoleak\account_info.py in 82ms
[2026-05-21 11:07:17] [build-stdout] [INFO] [4] Extracted file D:\BaiduNetdiskDownload\CCAM\CCAMP\pilot\pilot-server\authority\vertical.py in 183ms
[2026-05-21 11:07:17] [build-stdout] [INFO] [4] Extracted folder D:\BaiduNetdiskDownload\CCAM\CCAMP\pilot\pilot-server in 0ms
[2026-05-21 11:07:17] [build-stdout] [INFO] [4] Skipped built-in file C:\Users\korozet1\AppData\Local\Programs\Python\Python311\Lib\pickle.py
[2026-05-21 11:07:17] [build-stdout] [INFO] [10] Extracted folder D:\BaiduNetdiskDownload\CCAM\CCAMP\pilot\pilot-server\xss in 3ms
[2026-05-21 11:07:17] [build-stdout] [INFO] [10] Skipped built-in file C:\Users\korozet1\AppData\Local\Programs\Python\Python311\Lib\hashlib.py
[2026-05-21 11:07:17] [build-stdout] [INFO] [10] Skipped built-in file C:\Users\korozet1\AppData\Local\Programs\Python\Python311\Lib\datetime.py
[2026-05-21 11:07:17] [build-stdout] [INFO] [7] Extracted file D:\BaiduNetdiskDownload\CCAM\CCAMP\pilot\pilot-server\rce\rce.py in 72ms
[2026-05-21 11:07:17] [build-stdout] [INFO] [7] Skipped built-in file C:\Users\korozet1\AppData\Local\Programs\Python\Python311\Lib\os.py
[2026-05-21 11:07:17] [build-stdout] [INFO] [10] Skipped built-in file C:\Users\korozet1\AppData\Local\Programs\Python\Python311\Lib\re\__init__.py
[2026-05-21 11:07:17] [build-stdout] [INFO] [12] Extracted file D:\BaiduNetdiskDownload\CCAM\CCAMP\pilot\pilot-server\infoleak\system_info.py in 76ms
[2026-05-21 11:07:17] [build-stdout] [INFO] [28] Extracted folder D:\BaiduNetdiskDownload\CCAM\CCAMP\pilot\pilot-server\xxe in 2ms
[2026-05-21 11:07:17] [build-stdout] [INFO] [7] Extracted folder C:\Users\korozet1\AppData\Local\Programs\Python\Python311\Lib\re in 2ms
[2026-05-21 11:07:17] [build-stdout] [INFO] [4] Skipped built-in file C:\Users\korozet1\AppData\Local\Programs\Python\Python311\Lib\base64.py
[2026-05-21 11:07:17] [build-stdout] [INFO] [16] Extracted file D:\BaiduNetdiskDownload\CCAM\CCAMP\pilot\pilot-server\rce\rce_ping.py in 74ms
[2026-05-21 11:07:17] [build-stdout] [INFO] [4] Extracted module time in 8ms
[2026-05-21 11:07:17] [build-stdout] [INFO] [14] Extracted file D:\BaiduNetdiskDownload\CCAM\CCAMP\pilot\pilot-server\serialize\serialize.py in 72ms
[2026-05-21 11:07:17] [build-stdout] [INFO] [5] Extracted file D:\BaiduNetdiskDownload\CCAM\CCAMP\pilot\pilot-server\ssrf\ssrf.py in 58ms
[2026-05-21 11:07:17] [build-stdout] [INFO] [18] Extracted file D:\BaiduNetdiskDownload\CCAM\CCAMP\pilot\pilot-server\ssti\jinja2.py in 56ms
[2026-05-21 11:07:17] [build-stdout] [INFO] [15] Extracted file D:\BaiduNetdiskDownload\CCAM\CCAMP\pilot\pilot-server\responses.py in 93ms
[2026-05-21 11:07:17] [build-stdout] [INFO] [10] Skipped built-in file C:\Users\korozet1\AppData\Local\Programs\Python\Python311\Lib\json\__init__.py
[2026-05-21 11:07:17] [build-stdout] [INFO] [12] Skipped built-in file C:\Users\korozet1\AppData\Local\Programs\Python\Python311\Lib\functools.py
[2026-05-21 11:07:17] [build-stdout] [INFO] [28] Extracted folder C:\Users\korozet1\AppData\Local\Programs\Python\Python311\Lib\json in 1ms
[2026-05-21 11:07:17] [build-stdout] [INFO] [8] Extracted file D:\BaiduNetdiskDownload\CCAM\CCAMP\pilot\pilot-server\csrf\csrf.py in 154ms
[2026-05-21 11:07:17] [build-stdout] [INFO] [13] Extracted file D:\BaiduNetdiskDownload\CCAM\CCAMP\pilot\pilot-server\xss\reflected.py in 46ms
[2026-05-21 11:07:17] [build-stdout] [INFO] [20] Extracted file D:\BaiduNetdiskDownload\CCAM\CCAMP\pilot\pilot-server\urlredirect\url_redirect.py in 65ms
[2026-05-21 11:07:17] [build-stdout] [INFO] [19] Extracted file D:\BaiduNetdiskDownload\CCAM\CCAMP\pilot\pilot-server\vcdefect\vc_bypass_c.py in 72ms
[2026-05-21 11:07:17] [build-stdout] [INFO] [17] Extracted file D:\BaiduNetdiskDownload\CCAM\CCAMP\pilot\pilot-server\sqli\mssqli.py in 119ms
[2026-05-21 11:07:17] [build-stdout] [INFO] [11] Extracted file D:\BaiduNetdiskDownload\CCAM\CCAMP\pilot\pilot-server\xxe\xxe.py in 61ms
[2026-05-21 11:07:17] [build-stdout] [INFO] [6] Extracted file D:\BaiduNetdiskDownload\CCAM\CCAMP\pilot\pilot-server\sqli\mysqli.py in 108ms
[2026-05-21 11:07:17] [build-stdout] [INFO] [9] Extracted file D:\BaiduNetdiskDownload\CCAM\CCAMP\pilot\pilot-server\sqli\pgsqli.py in 111ms
[2026-05-21 11:07:17] [build-stdout] [INFO] [21] Extracted file D:\BaiduNetdiskDownload\CCAM\CCAMP\pilot\pilot-server\upload\upload_dir.py in 93ms
[2026-05-21 11:07:17] [build-stdout] [INFO] [1] Extracted file D:\BaiduNetdiskDownload\CCAM\CCAMP\pilot\pilot-server\upload\client.py in 98ms
[2026-05-21 11:07:17] [build-stdout] [INFO] [23] Extracted file D:\BaiduNetdiskDownload\CCAM\CCAMP\pilot\pilot-server\upload\server_1.py in 103ms
[2026-05-21 11:07:17] [build-stdout] [INFO] [22] Extracted file D:\BaiduNetdiskDownload\CCAM\CCAMP\pilot\pilot-server\upload\server_2.py in 103ms
[2026-05-21 11:07:17] [build-stdout] [INFO] [26] Extracted file D:\BaiduNetdiskDownload\CCAM\CCAMP\pilot\pilot-server\vcdefect\vc_bypass_s.py in 105ms
[2026-05-21 11:07:17] [build-stdout] [INFO] [7] Skipped built-in file C:\Users\korozet1\AppData\Local\Programs\Python\Python311\Lib\string.py
[2026-05-21 11:07:17] [build-stdout] [INFO] [16] Skipped built-in file C:\Users\korozet1\AppData\Local\Programs\Python\Python311\Lib\io.py
[2026-05-21 11:07:17] [build-stdout] [INFO] [24] Skipped built-in file C:\Users\korozet1\AppData\Local\Programs\Python\Python311\Lib\random.py
[2026-05-21 11:07:17] [build-stdout] [INFO] [3] Extracted file D:\BaiduNetdiskDownload\CCAM\CCAMP\pilot\pilot-server\xss\stored.py in 96ms
[2026-05-21 11:07:17] [build-stdout] [INFO] [2] Extracted file D:\BaiduNetdiskDownload\CCAM\CCAMP\pilot\pilot-server\app.py in 292ms
[2026-05-21 11:07:17] [build-stdout] [INFO] Processed 73 modules in 1.28s
[2026-05-21 11:07:17] Plumbing command codeql database trace-command completed.
[2026-05-21 11:07:17] [PROGRESS] database create> Finalizing database at D:\BaiduNetdiskDownload\CCAM\CCAMP\pilot\codeql_db.
[2026-05-21 11:07:17] Running plumbing command: codeql database finalize --no-db-cluster -- D:\BaiduNetdiskDownload\CCAM\CCAMP\pilot\codeql_db
[2026-05-21 11:07:17] Using pre-finalize script D:\BaiduNetdiskDownload\codeql\python\tools\pre-finalize.cmd.
[2026-05-21 11:07:17] [PROGRESS] database finalize> Running pre-finalize script D:\BaiduNetdiskDownload\codeql\python\tools\pre-finalize.cmd in D:\BaiduNetdiskDownload\CCAM\CCAMP\pilot.
[2026-05-21 11:07:17] Running plumbing command: codeql database trace-command --working-dir=D:\BaiduNetdiskDownload\CCAM\CCAMP\pilot --no-tracing -- D:\BaiduNetdiskDownload\CCAM\CCAMP\pilot\codeql_db D:\BaiduNetdiskDownload\codeql\python\tools\pre-finalize.cmd
[2026-05-21 11:07:17] [PROGRESS] database trace-command> Running command in D:\BaiduNetdiskDownload\CCAM\CCAMP\pilot: [D:\BaiduNetdiskDownload\codeql\python\tools\pre-finalize.cmd]
[2026-05-21 11:07:18] [build-stderr] Scanning for files in D:\BaiduNetdiskDownload\CCAM\CCAMP\pilot...
[2026-05-21 11:07:18] [build-stderr] D:\BaiduNetdiskDownload\CCAM\CCAMP\pilot\codeql_db: Indexing files in in D:\BaiduNetdiskDownload\CCAM\CCAMP\pilot...
[2026-05-21 11:07:18] [build-stderr] Running command in D:\BaiduNetdiskDownload\CCAM\CCAMP\pilot: [D:\BaiduNetdiskDownload\codeql\yaml\tools\index-files.cmd, D:\BaiduNetdiskDownload\CCAM\CCAMP\pilot\codeql_db\working\files-to-index2980867866178520854.list]
[2026-05-21 11:07:19] Plumbing command codeql database trace-command completed.
[2026-05-21 11:07:19] [PROGRESS] database finalize> Pre-finalize script D:\BaiduNetdiskDownload\codeql\python\tools\pre-finalize.cmd completed in 1390 ms.
[2026-05-21 11:07:19] [PROGRESS] database finalize> Running TRAP import for CodeQL database at D:\BaiduNetdiskDownload\CCAM\CCAMP\pilot\codeql_db...
[2026-05-21 11:07:19] Running plumbing command: codeql dataset import --dbscheme=D:\BaiduNetdiskDownload\codeql\python\semmlecode.python.dbscheme -- D:\BaiduNetdiskDownload\CCAM\CCAMP\pilot\codeql_db\db-python D:\BaiduNetdiskDownload\CCAM\CCAMP\pilot\codeql_db\trap\python
[2026-05-21 11:07:19] Clearing disk cache since the version file D:\BaiduNetdiskDownload\CCAM\CCAMP\pilot\codeql_db\db-python\default\cache\version does not exist
[2026-05-21 11:07:19] Tuple pool not found. Clearing relations with cached strings
[2026-05-21 11:07:19] Trimming disk cache at D:\BaiduNetdiskDownload\CCAM\CCAMP\pilot\codeql_db\db-python\default\cache in mode clear.
[2026-05-21 11:07:19] Sequence stamp origin is -5911709640412584829
[2026-05-21 11:07:19] Pausing evaluation to hard-clear memory at sequence stamp o+0
[2026-05-21 11:07:19] Unpausing evaluation
[2026-05-21 11:07:19] Pausing evaluation to quickly trim disk at sequence stamp o+1
[2026-05-21 11:07:19] Unpausing evaluation
[2026-05-21 11:07:19] Pausing evaluation to zealously trim disk at sequence stamp o+2
[2026-05-21 11:07:19] Unpausing evaluation
[2026-05-21 11:07:19] Trimming completed (13ms): Purged everything.
[2026-05-21 11:07:19] Scanning for files in D:\BaiduNetdiskDownload\CCAM\CCAMP\pilot\codeql_db\trap\python
[2026-05-21 11:07:19] Found 90 TRAP files (1.07 MiB)
[2026-05-21 11:07:19] [PROGRESS] dataset import> Importing TRAP files
[2026-05-21 11:07:19] Importing $files.0qoM92JjwtNAeH3IzD3FWNuVIAg=.trap.gz (1 of 90)
[2026-05-21 11:07:19] Importing $files.4-vsHAlUxI0xKobQkEXnlR0SDDQ=.trap.gz (2 of 90)
[2026-05-21 11:07:19] Importing $files.5Ks874oAJ1nHo8dY_7HrTGMdbM4=.trap.gz (3 of 90)
[2026-05-21 11:07:19] Importing $files.5XMUAzPYAIHpBgo_0bmK7NFrVis=.trap.gz (4 of 90)
[2026-05-21 11:07:19] Importing $files.5YxyC-TB3FptgeSxnSTg0X2dRyg=.trap.gz (5 of 90)
[2026-05-21 11:07:19] Importing $files.6rQLfdRqMNIakEf0pak3dGpQJP0=.trap.gz (6 of 90)
[2026-05-21 11:07:19] Importing $files.AbZP9j1dYf2P36rPCjsyy7WiHbE=.trap.gz (7 of 90)
[2026-05-21 11:07:19] Importing $files.AhsT1qvol2hW7HlrHAi58PHpgO4=.trap.gz (8 of 90)
[2026-05-21 11:07:19] Importing $files.Bap6DvP370-b3Aeh97OaMktUX_c=.trap.gz (9 of 90)
[2026-05-21 11:07:19] Importing $files.DFvG99_20kZ0egBcy2iWbP9epOc=.trap.gz (10 of 90)
[2026-05-21 11:07:19] Importing $files.D_8dCjmQncf94iTKuCJSosKwsSk=.trap.gz (11 of 90)
[2026-05-21 11:07:19] Importing $files.EhqPqzBFM2H98NuP4NFJNi-vB68=.trap.gz (12 of 90)
[2026-05-21 11:07:19] Importing $files.KTiNA037Jy7UBVO7kNaRoiVKupM=.trap.gz (13 of 90)
[2026-05-21 11:07:19] Importing $files.SGmwjm8F6VACIKViaYxPXh1ks48=.trap.gz (14 of 90)
[2026-05-21 11:07:19] Importing $files.TfVsW5Izo-OFt5eXFvx3nDJfXKo=.trap.gz (15 of 90)
[2026-05-21 11:07:19] Importing $files.VmO03YfN2gl06PZn0_cujr5Gbok=.trap.gz (16 of 90)
[2026-05-21 11:07:19] Importing $files.W9WFKOBSrnucPD250sdBcoeDJVM=.trap.gz (17 of 90)
[2026-05-21 11:07:19] Importing $files.hwZ5xaEO4bH0vrRcok2ka9h8mTQ=.trap.gz (18 of 90)
[2026-05-21 11:07:19] Importing $files.minf62aIe-W3npt6B1LEjgFgN6s=.trap.gz (19 of 90)
[2026-05-21 11:07:19] Importing $files.noUQkK1INVe6yz1B_lYf-b9U5F8=.trap.gz (20 of 90)
[2026-05-21 11:07:19] Importing $files.uz_c1ToFmu6KDgqaWOUXCDU-Uds=.trap.gz (21 of 90)
[2026-05-21 11:07:19] Importing $files.vB87vAnWPkiwhlA5YsRXE6IBNeo=.trap.gz (22 of 90)
[2026-05-21 11:07:19] Importing $files.xIarL9aSiCC61Rboqzg8DKZMJwM=.trap.gz (23 of 90)
[2026-05-21 11:07:19] Importing $files.ylApQzjaMRGtzb1Ce40tEomAFsc=.trap.gz (24 of 90)
[2026-05-21 11:07:19] Importing $flags.CHV5jj2JRIFMRbIxqrSD_fLPvOc=.trap.gz (25 of 90)
[2026-05-21 11:07:19] Importing $interpreter3.MfwvEOL_jATxZbZv9Odqy6JvMrk=.trap.gz (26 of 90)
[2026-05-21 11:07:19] Importing $stdlib_33.1o-PI6V4jR-SECUffVyTLsYHeOY=.trap (27 of 90)
[2026-05-21 11:07:19] Importing codeql-database.yml.trap.gz (28 of 90)
[2026-05-21 11:07:19] Importing docker-compose.yml.trap.gz (29 of 90)
[2026-05-21 11:07:19] Importing HelloWorld.py.8VG1UL5pfsgRPv9Kaa-dtM9ksTE=.trap.gz (30 of 90)
[2026-05-21 11:07:19] Importing account_info.py.2Qkrj8rIOWBbMZQu84LoYbGCqF4=.trap.gz (31 of 90)
[2026-05-21 11:07:19] Importing app.py.YMtWyVt8Vu3BYZVy4qa7IF1CFxU=.trap.gz (32 of 90)
[2026-05-21 11:07:19] Importing assist.5hg9Zhq85UWEHo-tASuizFROWQA=.trap.gz (33 of 90)
[2026-05-21 11:07:19] Importing assist.oP0ii_LrEpyy9yKvx_AzDmjIs7Q=.trap.gz (34 of 90)
[2026-05-21 11:07:19] Importing authority.jxdQUBKypOLYKTv9-hQ087hunxs=.trap.gz (35 of 90)
[2026-05-21 11:07:19] Importing bf_password.py.nIZ2inDodJ4_qnXLLGy_1L1r_qk=.trap.gz (36 of 90)
[2026-05-21 11:07:19] Importing bf_token.py.7Rd_pnNU7Wrpy9Md_DSsIGr4lBU=.trap.gz (37 of 90)
[2026-05-21 11:07:19] Importing bf_username.py.yVCdS2vDOKnRvgPE1DZSiFp6JS0=.trap.gz (38 of 90)
[2026-05-21 11:07:19] Importing bruteforce.2cHjmoJbp_oa1nkgi5cpz73INPE=.trap.gz (39 of 90)
[2026-05-21 11:07:19] Importing client.py.0TMqFpVGUyQsWb_nrfJ2i1gZrD8=.trap.gz (40 of 90)
[2026-05-21 11:07:19] Importing csrf.3z-51BhHWmsSqBCQbziJjj5Bgi8=.trap.gz (41 of 90)
[2026-05-21 11:07:19] Importing csrf.py.fpVRKGoGPgvp7rF_nR1WK9k7aUE=.trap.gz (42 of 90)
[2026-05-21 11:07:19] Importing db.py.CdlRhLrCNpSLB5XijfvGuLc__14=.trap.gz (43 of 90)
[2026-05-21 11:07:19] Importing download.XCE3DxV2f8an6hspP24PG0BR2K8=.trap.gz (44 of 90)
[2026-05-21 11:07:19] Importing file_download.py.UTOuzrRnEJcHdx9yKq_YYMnTrNQ=.trap.gz (45 of 90)
[2026-05-21 11:07:19] Importing horizontal.py.KfC1zCsNeQcYZhY7aw_pvkX61MI=.trap.gz (46 of 90)
[2026-05-21 11:07:19] Importing infoleak.oAjiefRERnMfFMoghFuyQrP_Xx4=.trap.gz (47 of 90)
[2026-05-21 11:07:19] Importing jinja2.py.qpO4yXC_xUf1fcaOOCPjVWoce28=.trap.gz (48 of 90)
[2026-05-21 11:07:19] Importing json.cKORQUkSvRaiJJXvuoWh_yuts88=.trap.gz (49 of 90)
[2026-05-21 11:07:19] Importing l1-pickle.py.5nIBWE8VXZnGDx1B5yflCfCOT3E=.trap.gz (50 of 90)
[2026-05-21 11:07:19] Importing l1-sqli.py.KHhZUq4U3yBZ7sy77gqLH--gozc=.trap.gz (51 of 90)
[2026-05-21 11:07:19] Importing l2-sqli.py.fCY4KByvs6ggpBnVRRv55wAKYvs=.trap.gz (52 of 90)
[2026-05-21 11:07:19] Importing l3-sqli.py.IgqewQ0UlHluYLDA7TSIClxHdb8=.trap.gz (53 of 90)
[2026-05-21 11:07:19] Importing metadata.trap.gz (54 of 90)
[2026-05-21 11:07:19] Importing mssqli.py.FzEu-GhSYEeF-iRwAHchA5mM6s8=.trap.gz (55 of 90)
[2026-05-21 11:07:19] Importing mysqli.py.rXivVGNZsYtXI8kn338H68YVCB0=.trap.gz (56 of 90)
[2026-05-21 11:07:19] Importing pages.qV1G_jRdLaKL2mZGpXkXII93SpQ=.trap.gz (57 of 90)
[2026-05-21 11:07:19] Importing pgsqli.py.Z9yNZ2urEfbJhVhaVYSq6ktUm2E=.trap.gz (58 of 90)
[2026-05-21 11:07:19] Importing private_info.py.EXPSiyeWg-EBKVwTmIltA84y_c8=.trap.gz (59 of 90)
[2026-05-21 11:07:19] Importing rce.2h0Io9cb1tQ-9OpV0ddhJ8sMTW8=.trap.gz (60 of 90)
[2026-05-21 11:07:19] Importing rce.py.dBs9pFwFPyMK2fqPnJ8nlvO-nXM=.trap.gz (61 of 90)
[2026-05-21 11:07:19] Importing rce_ping.py.zHkP_dWycV7OK6UR7v8KHd8BS9k=.trap.gz (62 of 90)
[2026-05-21 11:07:19] Importing re.PXaQbEldxuIh92q1q89rNCeL2Hk=.trap.gz (63 of 90)
[2026-05-21 11:07:19] Importing reflected.py.v8G8zaYKFbFQhMj3FJYY86hZVig=.trap.gz (64 of 90)
[2026-05-21 11:07:19] Importing responses.py.aE8dK4GVBYed-hEYF_wrD2Q2Cto=.trap.gz (65 of 90)
[2026-05-21 11:07:19] Importing serialize.UhnzD24BDrWozc2T7j3Wq5l3dik=.trap.gz (66 of 90)
[2026-05-21 11:07:19] Importing serialize.kJAQzLZwe-98ytC9-JlhIdsG1zc=.trap.gz (67 of 90)
[2026-05-21 11:07:19] Importing serialize.py.Z9xwUEjSAa8VI1HTMGMXmruZi7c=.trap.gz (68 of 90)
[2026-05-21 11:07:19] Importing server_1.py.ZLVqeZRB0fUEADAMmJM1B8WWwgM=.trap.gz (69 of 90)
[2026-05-21 11:07:19] Importing server_2.py.tLv3LIzIxE6If0B5MzLt6pUqDl8=.trap.gz (70 of 90)
[2026-05-21 11:07:19] Importing sqli.GB3yyXKL4WjN8f7PjSMS3ldLn58=.trap.gz (71 of 90)
[2026-05-21 11:07:19] Importing sqli.L4-28I7b9HzrT8T2ffVi-2-MJ80=.trap.gz (72 of 90)
[2026-05-21 11:07:19] Importing ssrf.py.hQICSsaDIz3LaLg2DKQmVoeHaaI=.trap.gz (73 of 90)
[2026-05-21 11:07:19] Importing ssrf.qmblL4fxf0ikE-whYHdAfy4UZ40=.trap.gz (74 of 90)
[2026-05-21 11:07:19] Importing ssti.n2u_ot5w-dWZPIC3q50kxmwIvKQ=.trap.gz (75 of 90)
[2026-05-21 11:07:19] Importing stored.py.k_m542Hc-xdhMwjAUfWy3TbKxfk=.trap.gz (76 of 90)
[2026-05-21 11:07:19] Importing system_info.py.7pW-tNSLordfIC3UHDzNcQFp1IQ=.trap.gz (77 of 90)
[2026-05-21 11:07:19] Importing time.M-xNyNtjYY1po4UGxKwM4zedqU0=.trap.gz (78 of 90)
[2026-05-21 11:07:19] Importing unauthorized.py.8MNW8ZccMky3yl-hZ8-jM_0Kk14=.trap.gz (79 of 90)
[2026-05-21 11:07:19] Importing upload.odpL2BLpdUh4GD6KlFLllt2-8MI=.trap.gz (80 of 90)
[2026-05-21 11:07:19] Importing upload_dir.py.mPm4gAvgYZ4oHVQkOWwT4PI5EUU=.trap.gz (81 of 90)
[2026-05-21 11:07:19] Importing url_redirect.py.QFY9-dE9of_azpRVIFYuq3UGyNM=.trap.gz (82 of 90)
[2026-05-21 11:07:19] Importing urlredirect.S89bNxaC4CIEHfescIAHvWXM9-c=.trap.gz (83 of 90)
[2026-05-21 11:07:19] Importing vc_bypass_c.py.mkmUfS4UVzkU5NzzhREgvW2iZMs=.trap.gz (84 of 90)
[2026-05-21 11:07:19] Importing vc_bypass_s.py.NxCTkXDJBnos9hA4-fGVl-w2Zsc=.trap.gz (85 of 90)
[2026-05-21 11:07:19] Importing vcdefect.h7Z0fsvEhAelpObHan2Q2fnaPFA=.trap.gz (86 of 90)
[2026-05-21 11:07:19] Importing vertical.py.Qtnafi-KIjQjaHByEZUCMJ7yJuE=.trap.gz (87 of 90)
[2026-05-21 11:07:19] Importing xss.qw8svma_LMIOs7BHBfTTfxmqD1k=.trap.gz (88 of 90)
[2026-05-21 11:07:19] Importing xxe.JH9-AA16EvP0pdoNTKsAaNpd2gM=.trap.gz (89 of 90)
[2026-05-21 11:07:19] Importing xxe.py.DQGxVf5J3jUkd_d3LZ9QPWdRLto=.trap.gz (90 of 90)
[2026-05-21 11:07:19] [PROGRESS] dataset import> Merging relations
[2026-05-21 11:07:20] Merging 1 fragment for 'files'.
[2026-05-21 11:07:20] Merged 107 bytes for 'files'.
[2026-05-21 11:07:20] Merging 1 fragment for 'folders'.
[2026-05-21 11:07:20] Merged 108 bytes for 'folders'.
[2026-05-21 11:07:20] Merging 1 fragment for 'containerparent'.
[2026-05-21 11:07:20] Merged 175 bytes for 'containerparent'.
[2026-05-21 11:07:20] Merging 1 fragment for 'py_flags_versioned'.
[2026-05-21 11:07:20] Merged 182 bytes for 'py_flags_versioned'.
[2026-05-21 11:07:20] Merging 1 fragment for 'py_cobjects'.
[2026-05-21 11:07:20] Merged 5108 bytes (4.99 KiB) for 'py_cobjects'.
[2026-05-21 11:07:20] Merging 1 fragment for 'py_cobjecttypes'.
[2026-05-21 11:07:20] Merged 6304 bytes (6.16 KiB) for 'py_cobjecttypes'.
[2026-05-21 11:07:20] Merging 1 fragment for 'py_cobject_sources'.
[2026-05-21 11:07:20] Merged 7282 bytes (7.11 KiB) for 'py_cobject_sources'.
[2026-05-21 11:07:20] Merging 1 fragment for 'py_cobjectnames'.
[2026-05-21 11:07:20] Merged 6992 bytes (6.83 KiB) for 'py_cobjectnames'.
[2026-05-21 11:07:20] Merging 1 fragment for 'py_cmembers_versioned'.
[2026-05-21 11:07:20] Merged 6581 bytes (6.43 KiB) for 'py_cmembers_versioned'.
[2026-05-21 11:07:20] Merging 1 fragment for 'py_special_objects'.
[2026-05-21 11:07:20] Merged 136 bytes for 'py_special_objects'.
[2026-05-21 11:07:20] Merging 1 fragment for 'py_citems'.
[2026-05-21 11:07:20] Merged 548 bytes for 'py_citems'.
[2026-05-21 11:07:20] Merging 1 fragment for 'ext_rettype'.
[2026-05-21 11:07:20] Merged 4039 bytes (3.94 KiB) for 'ext_rettype'.
[2026-05-21 11:07:20] Merging 1 fragment for 'ext_argtype'.
[2026-05-21 11:07:20] Merged 6821 bytes (6.66 KiB) for 'ext_argtype'.
[2026-05-21 11:07:20] Merging 1 fragment for 'ext_argreturn'.
[2026-05-21 11:07:20] Merged 41 bytes for 'ext_argreturn'.
[2026-05-21 11:07:20] Merging 1 fragment for 'ext_proptype'.
[2026-05-21 11:07:20] Merged 344 bytes for 'ext_proptype'.
[2026-05-21 11:07:20] Merging 1 fragment for 'yaml_scalars'.
[2026-05-21 11:07:20] Merged 258 bytes for 'yaml_scalars'.
[2026-05-21 11:07:20] Merging 1 fragment for 'yaml'.
[2026-05-21 11:07:20] Merged 929 bytes for 'yaml'.
[2026-05-21 11:07:20] Merging 1 fragment for 'locations_default'.
[2026-05-21 11:07:20] Merged 823 bytes for 'locations_default'.
[2026-05-21 11:07:20] Merging 1 fragment for 'yaml_locations'.
[2026-05-21 11:07:20] Merged 298 bytes for 'yaml_locations'.
[2026-05-21 11:07:20] Merging 1 fragment for 'py_Modules'.
[2026-05-21 11:07:20] Merged 76 bytes for 'py_Modules'.
[2026-05-21 11:07:20] Merging 1 fragment for 'py_module_path'.
[2026-05-21 11:07:20] Merged 147 bytes for 'py_module_path'.
[2026-05-21 11:07:20] Merging 1 fragment for 'variable'.
[2026-05-21 11:07:20] Merged 4176 bytes (4.08 KiB) for 'variable'.
[2026-05-21 11:07:20] Merging 1 fragment for 'py_extracted_version'.
[2026-05-21 11:07:20] Merged 66 bytes for 'py_extracted_version'.
[2026-05-21 11:07:20] Merging 1 fragment for 'py_stmt_lists'.
[2026-05-21 11:07:20] Merged 1660 bytes (1.62 KiB) for 'py_stmt_lists'.
[2026-05-21 11:07:20] Merging 1 fragment for 'py_stmts'.
[2026-05-21 11:07:20] Merged 4834 bytes (4.72 KiB) for 'py_stmts'.
[2026-05-21 11:07:20] Merging 1 fragment for 'py_scopes'.
[2026-05-21 11:07:20] Merged 9031 bytes (8.82 KiB) for 'py_scopes'.
[2026-05-21 11:07:20] Merging 1 fragment for 'py_exprs'.
[2026-05-21 11:07:20] Merged 27267 bytes (26.63 KiB) for 'py_exprs'.
[2026-05-21 11:07:20] Merging 1 fragment for 'py_strs'.
[2026-05-21 11:07:20] Merged 7496 bytes (7.32 KiB) for 'py_strs'.
[2026-05-21 11:07:20] Merging 1 fragment for 'py_arguments'.
[2026-05-21 11:07:20] Merged 397 bytes for 'py_arguments'.
[2026-05-21 11:07:20] Merging 1 fragment for 'py_expr_lists'.
[2026-05-21 11:07:20] Merged 5300 bytes (5.18 KiB) for 'py_expr_lists'.
[2026-05-21 11:07:20] Merging 1 fragment for 'py_Functions'.
[2026-05-21 11:07:20] Merged 402 bytes for 'py_Functions'.
[2026-05-21 11:07:20] Merging 1 fragment for 'py_parameter_lists'.
[2026-05-21 11:07:20] Merged 195 bytes for 'py_parameter_lists'.
[2026-05-21 11:07:20] Merging 1 fragment for 'py_variables'.
[2026-05-21 11:07:20] Merged 5750 bytes (5.62 KiB) for 'py_variables'.
[2026-05-21 11:07:20] Merging 1 fragment for 'py_expr_contexts'.
[2026-05-21 11:07:20] Merged 9568 bytes (9.34 KiB) for 'py_expr_contexts'.
[2026-05-21 11:07:20] Merging 1 fragment for 'py_numbers'.
[2026-05-21 11:07:20] Merged 1063 bytes (1.04 KiB) for 'py_numbers'.
[2026-05-21 11:07:20] Merging 1 fragment for 'py_cmpop_lists'.
[2026-05-21 11:07:20] Merged 243 bytes for 'py_cmpop_lists'.
[2026-05-21 11:07:20] Merging 1 fragment for 'py_cmpops'.
[2026-05-21 11:07:20] Merged 335 bytes for 'py_cmpops'.
[2026-05-21 11:07:20] Merging 1 fragment for 'py_operators'.
[2026-05-21 11:07:20] Merged 406 bytes for 'py_operators'.
[2026-05-21 11:07:20] Merging 1 fragment for 'py_exports'.
[2026-05-21 11:07:20] Merged 398 bytes for 'py_exports'.
[2026-05-21 11:07:20] Merging 1 fragment for 'py_flow_bb_node'.
[2026-05-21 11:07:20] Merged 24767 bytes (24.19 KiB) for 'py_flow_bb_node'.
[2026-05-21 11:07:20] Merging 1 fragment for 'py_scope_flow'.
[2026-05-21 11:07:20] Merged 3230 bytes (3.15 KiB) for 'py_scope_flow'.
[2026-05-21 11:07:20] Merging 1 fragment for 'py_successors'.
[2026-05-21 11:07:20] Merged 15902 bytes (15.53 KiB) for 'py_successors'.
[2026-05-21 11:07:20] Merging 1 fragment for 'py_idoms'.
[2026-05-21 11:07:20] Merged 14435 bytes (14.10 KiB) for 'py_idoms'.
[2026-05-21 11:07:20] Merging 1 fragment for 'py_ssa_var'.
[2026-05-21 11:07:20] Merged 2336 bytes (2.28 KiB) for 'py_ssa_var'.
[2026-05-21 11:07:20] Merging 1 fragment for 'py_ssa_defn'.
[2026-05-21 11:07:20] Merged 1959 bytes (1.91 KiB) for 'py_ssa_defn'.
[2026-05-21 11:07:20] Merging 1 fragment for 'py_ssa_use'.
[2026-05-21 11:07:20] Merged 2618 bytes (2.56 KiB) for 'py_ssa_use'.
[2026-05-21 11:07:20] Merging 1 fragment for 'py_true_successors'.
[2026-05-21 11:07:20] Merged 348 bytes for 'py_true_successors'.
[2026-05-21 11:07:20] Merging 1 fragment for 'py_false_successors'.
[2026-05-21 11:07:20] Merged 361 bytes for 'py_false_successors'.
[2026-05-21 11:07:20] Merging 1 fragment for 'py_ssa_phi'.
[2026-05-21 11:07:20] Merged 414 bytes for 'py_ssa_phi'.
[2026-05-21 11:07:20] Merging 1 fragment for 'locations_ast'.
[2026-05-21 11:07:20] Merged 36549 bytes (35.69 KiB) for 'locations_ast'.
[2026-05-21 11:07:20] Merging 1 fragment for 'py_scope_location'.
[2026-05-21 11:07:20] Merged 620 bytes for 'py_scope_location'.
[2026-05-21 11:07:20] Merging 1 fragment for 'py_codelines'.
[2026-05-21 11:07:20] Merged 397 bytes for 'py_codelines'.
[2026-05-21 11:07:20] Merging 1 fragment for 'py_commentlines'.
[2026-05-21 11:07:20] Merged 371 bytes for 'py_commentlines'.
[2026-05-21 11:07:20] Merging 1 fragment for 'py_docstringlines'.
[2026-05-21 11:07:20] Merged 294 bytes for 'py_docstringlines'.
[2026-05-21 11:07:20] Merging 1 fragment for 'py_alllines'.
[2026-05-21 11:07:20] Merged 406 bytes for 'py_alllines'.
[2026-05-21 11:07:20] Merging 1 fragment for 'numlines'.
[2026-05-21 11:07:20] Merged 202 bytes for 'numlines'.
[2026-05-21 11:07:20] Merging 1 fragment for 'py_locations'.
[2026-05-21 11:07:20] Merged 15926 bytes (15.55 KiB) for 'py_locations'.
[2026-05-21 11:07:20] Merging 1 fragment for 'py_alias_lists'.
[2026-05-21 11:07:20] Merged 528 bytes for 'py_alias_lists'.
[2026-05-21 11:07:20] Merging 1 fragment for 'py_aliases'.
[2026-05-21 11:07:20] Merged 805 bytes for 'py_aliases'.
[2026-05-21 11:07:20] Merging 1 fragment for 'py_ints'.
[2026-05-21 11:07:20] Merged 324 bytes for 'py_ints'.
[2026-05-21 11:07:20] Merging 1 fragment for 'py_bools'.
[2026-05-21 11:07:20] Merged 407 bytes for 'py_bools'.
[2026-05-21 11:07:20] Merging 1 fragment for 'py_dict_item_lists'.
[2026-05-21 11:07:20] Merged 668 bytes for 'py_dict_item_lists'.
[2026-05-21 11:07:20] Merging 1 fragment for 'py_dict_items'.
[2026-05-21 11:07:20] Merged 1464 bytes (1.43 KiB) for 'py_dict_items'.
[2026-05-21 11:07:20] Merging 1 fragment for 'py_boolops'.
[2026-05-21 11:07:20] Merged 120 bytes for 'py_boolops'.
[2026-05-21 11:07:20] Merging 1 fragment for 'py_comments'.
[2026-05-21 11:07:20] Merged 696 bytes for 'py_comments'.
[2026-05-21 11:07:20] Merging 1 fragment for 'py_exception_successors'.
[2026-05-21 11:07:20] Merged 519 bytes for 'py_exception_successors'.
[2026-05-21 11:07:20] Merging 1 fragment for 'sourceLocationPrefix'.
[2026-05-21 11:07:20] Merged 17 bytes for 'sourceLocationPrefix'.
[2026-05-21 11:07:20] Merging 1 fragment for 'py_unaryops'.
[2026-05-21 11:07:20] Merged 48 bytes for 'py_unaryops'.
[2026-05-21 11:07:20] Saving string and id pools to disk.
[2026-05-21 11:07:20] [WARN] Failed to perform move from D:\BaiduNetdiskDownload\CCAM\CCAMP\pilot\codeql_db\db-python\default\strings\0 to D:\BaiduNetdiskDownload\CCAM\CCAMP\pilot\codeql_db\db-python\default\pools\0 (attempt 1)
                             java.nio.file.AccessDeniedException: D:\BaiduNetdiskDownload\CCAM\CCAMP\pilot\codeql_db\db-python\default\strings\0 -> D:\BaiduNetdiskDownload\CCAM\CCAMP\pilot\codeql_db\db-python\default\pools\0
                             	at java.base/sun.nio.fs.WindowsException.translateToIOException(Unknown Source)
                             	at java.base/sun.nio.fs.WindowsException.rethrowAsIOException(Unknown Source)
                             	at java.base/sun.nio.fs.WindowsFileCopy.move(Unknown Source)
                             	at java.base/sun.nio.fs.WindowsFileSystemProvider.move(Unknown Source)
                             	at java.base/java.nio.file.Files.move(Unknown Source)
                             	at com.semmle.util.files.FileUtil8.lambda$moveWithRetries$6(FileUtil8.java:593)
                             	at com.semmle.util.files.FileUtil8.performWithRetries(FileUtil8.java:560)
                             	at com.semmle.util.files.FileUtil8.moveWithRetries(FileUtil8.java:592)
                             	at com.semmle.inmemory.util.SequentialDiskPool.moveTo(SequentialDiskPool.java:86)
                             	at com.semmle.inmemory.stringpool.ExtensionalGeneration.<init>(ExtensionalGeneration.java:60)
                             	at com.semmle.inmemory.stringpool.StringPool.promoteAndSave(StringPool.java:606)
                             	at com.semmle.inmemory.MemoryBackend.saveMetadata(MemoryBackend.java:271)
                             	at com.semmle.inmemory.trap.ImportTasksProcessor.close(ImportTasksProcessor.java:510)
                             	at com.semmle.util.concurrent.FutureUtils.lambda$futureAutoclose$14(FutureUtils.java:222)
                             	at java.base/java.util.concurrent.CompletableFuture.uniHandle(Unknown Source)
                             	at java.base/java.util.concurrent.CompletableFuture$UniHandle.tryFire(Unknown Source)
                             	at java.base/java.util.concurrent.CompletableFuture.postComplete(Unknown Source)
                             	at java.base/java.util.concurrent.CompletableFuture.complete(Unknown Source)
                             	at com.semmle.util.concurrent.Paralleliser.startMoreJobs(Paralleliser.java:126)
                             	at com.semmle.util.concurrent.Paralleliser.lambda$startMoreJobs$2(Paralleliser.java:111)
                             	at java.base/java.util.concurrent.CompletableFuture.uniWhenComplete(Unknown Source)
                             	at java.base/java.util.concurrent.CompletableFuture$UniWhenComplete.tryFire(Unknown Source)
                             	at java.base/java.util.concurrent.CompletableFuture.postComplete(Unknown Source)
                             	at java.base/java.util.concurrent.CompletableFuture$AsyncRun.run(Unknown Source)
                             	at java.base/java.util.concurrent.ThreadPoolExecutor.runWorker(Unknown Source)
                             	at java.base/java.util.concurrent.ThreadPoolExecutor$Worker.run(Unknown Source)
                             	at java.base/java.lang.Thread.run(Unknown Source)
[2026-05-21 11:07:21] Finished importing TRAP files.
[2026-05-21 11:07:21] Read 4.14 MiB of uncompressed TRAP data.
[2026-05-21 11:07:21] Uncompressed relation data size: 1.07 MiB
[2026-05-21 11:07:21] Relation data size: 246.70 KiB (merge rate: 1.73 MiB/s)
[2026-05-21 11:07:21] String pool size: 2.08 MiB
[2026-05-21 11:07:21] ID pool size: 1.09 MiB
[2026-05-21 11:07:21] [PROGRESS] dataset import> Finished writing database (relations: 246.70 KiB; string pool: 2.08 MiB).
[2026-05-21 11:07:21] Pausing evaluation to close the cache at sequence stamp o+139
[2026-05-21 11:07:21] The disk cache is freshly trimmed; leave it be.
[2026-05-21 11:07:21] Unpausing evaluation
[2026-05-21 11:07:21] Plumbing command codeql dataset import completed.
[2026-05-21 11:07:21] [PROGRESS] database finalize> TRAP import complete (2.2s).
[2026-05-21 11:07:21] Running plumbing command: codeql database cleanup -- D:\BaiduNetdiskDownload\CCAM\CCAMP\pilot\codeql_db
[2026-05-21 11:07:21] [PROGRESS] database cleanup> Cleaning up existing TRAP files after import...
[2026-05-21 11:07:21] [PROGRESS] database cleanup> TRAP files cleaned up (37ms).
[2026-05-21 11:07:21] [PROGRESS] database cleanup> Cleaning up scratch directory...
[2026-05-21 11:07:21] [PROGRESS] database cleanup> Scratch directory cleaned up (28ms).
[2026-05-21 11:07:21] Running plumbing command: codeql dataset cleanup -- D:\BaiduNetdiskDownload\CCAM\CCAMP\pilot\codeql_db\db-python
[2026-05-21 11:07:21] [PROGRESS] dataset cleanup> Cleaning up dataset in D:\BaiduNetdiskDownload\CCAM\CCAMP\pilot\codeql_db\db-python.
[2026-05-21 11:07:21] Trimming disk cache at D:\BaiduNetdiskDownload\CCAM\CCAMP\pilot\codeql_db\db-python\default\cache in mode trim.
[2026-05-21 11:07:21] Sequence stamp origin is -5911709630630045193
[2026-05-21 11:07:21] Pausing evaluation to quickly trim memory at sequence stamp o+0
[2026-05-21 11:07:21] Unpausing evaluation
[2026-05-21 11:07:21] Pausing evaluation to zealously trim disk at sequence stamp o+1
[2026-05-21 11:07:21] Unpausing evaluation
[2026-05-21 11:07:21] Trimming completed (2ms): Trimmed disposable data from cache.
[2026-05-21 11:07:21] Pausing evaluation to close the cache at sequence stamp o+2
[2026-05-21 11:07:21] The disk cache is freshly trimmed; leave it be.
[2026-05-21 11:07:21] Unpausing evaluation
[2026-05-21 11:07:21] [PROGRESS] dataset cleanup> Trimmed disposable data from cache.
[2026-05-21 11:07:21] [PROGRESS] dataset cleanup> Finalizing dataset in D:\BaiduNetdiskDownload\CCAM\CCAMP\pilot\codeql_db\db-python
[2026-05-21 11:07:21] [DETAILS] dataset cleanup> Finished deleting ID pool from D:\BaiduNetdiskDownload\CCAM\CCAMP\pilot\codeql_db\db-python (2ms).
[2026-05-21 11:07:21] Plumbing command codeql dataset cleanup completed.
[2026-05-21 11:07:21] Plumbing command codeql database cleanup completed with status 0.
[2026-05-21 11:07:21] [PROGRESS] database finalize> Finished zipping source archive (36.13 KiB).
[2026-05-21 11:07:21] Plumbing command codeql database finalize completed.
[2026-05-21 11:07:21] [PROGRESS] database create> Successfully created database at D:\BaiduNetdiskDownload\CCAM\CCAMP\pilot\codeql_db.
[2026-05-21 11:07:21] Terminating normally.
